
User1@DESKTOP-FN3OND2 MINGW64 ~/Desktop/ajax
$ git clone https://github.com/Harshali61/WAD-Practicals.git
Cloning into 'WAD-Practicals'...
remote: Enumerating objects: 611, done.
remote: Counting objects: 100% (611/611), done.
remote: Compressing objects: 100% (463/463), done.
remote: Total 611 (delta 113), reused 608 (delta 113), pack-reused 0
Receiving objects: 100% (611/611), 678.26 KiB | 5.43 MiB/s, done.
Resolving deltas: 100% (113/113), done.

User1@DESKTOP-FN3OND2 MINGW64 ~/Desktop/ajax
$ cd WAD-Practicals

User1@DESKTOP-FN3OND2 MINGW64 ~/Desktop/ajax/WAD-Practicals (main)
$ git status
On branch main
Your branch is up to date with 'origin/main'.

Untracked files:
  (use "git add <file>..." to include in what will be committed)
        ajax_files/

nothing added to commit but untracked files present (use "git add" to track)

User1@DESKTOP-FN3OND2 MINGW64 ~/Desktop/ajax/WAD-Practicals (main)
$ git add .

User1@DESKTOP-FN3OND2 MINGW64 ~/Desktop/ajax/WAD-Practicals (main)
$ git status
On branch main
Your branch is up to date with 'origin/main'.

Changes to be committed:
  (use "git restore --staged <file>..." to unstage)
        new file:   ajax_files/first_page.html
        new file:   ajax_files/second_page.html


User1@DESKTOP-FN3OND2 MINGW64 ~/Desktop/ajax/WAD-Practicals (main)
$ git commit -m 'added ajax'
[main 6d970b0] added ajax
 2 files changed, 89 insertions(+)
 create mode 100644 ajax_files/first_page.html
 create mode 100644 ajax_files/second_page.html

User1@DESKTOP-FN3OND2 MINGW64 ~/Desktop/ajax/WAD-Practicals (main)
$ git status
On branch main
Your branch is ahead of 'origin/main' by 1 commit.
  (use "git push" to publish your local commits)

nothing to commit, working tree clean

User1@DESKTOP-FN3OND2 MINGW64 ~/Desktop/ajax/WAD-Practicals (main)
$ git push https://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@github.com/Harshali61/WAD-Practicals.git
Enumerating objects: 6, done.
Counting objects: 100% (6/6), done.
Delta compression using up to 4 threads
Compressing objects: 100% (5/5), done.
Writing objects: 100% (5/5), 1.63 KiB | 833.00 KiB/s, done.
Total 5 (delta 1), reused 0 (delta 0), pack-reused 0 (from 0)
remote: Resolving deltas: 100% (1/1), done.
To https://github.com/Harshali61/WAD-Practicals.git
   e4524a7..6d970b0  main -> main
